Starting a Gradle Daemon (subsequent builds will be faster)
Calculating task graph as no cached configuration is available for tasks: versionCatalogUpdate spotlessApply lintDevDebug testDevDebugUnitTest assembleDevDebug
> Task :build-logic:convention:checkKotlinGradlePluginConfigurationErrors SKIPPED
> Task :build-logic:convention:pluginDescriptors UP-TO-DATE
> Task :build-logic:convention:processResources UP-TO-DATE
> Task :build-logic:convention:compileKotlin
> Task :build-logic:convention:compileJava NO-SOURCE
> Task :build-logic:convention:classes UP-TO-DATE
> Task :build-logic:convention:jar

> Configure project :app
WARNING: The option setting 'android.newDsl=false' is deprecated.
The current default is 'true'.
It will be removed in version 10.0 of the Android Gradle plugin.
The ReportingExtension.file(String) method has been deprecated. This is scheduled to be removed in Gradle 10. Please use the getBaseDirectory().file(String) or getBaseDirectory().dir(String) method instead. Consult the upgrading guide for further information: https://docs.gradle.org/9.3.1/userguide/upgrading_version_9.html#reporting_extension_file
w: file:///app/app/build.gradle.kts:8:1: 'fun Project.android(configure: Action<BaseAppModuleExtension>): Unit' is deprecated. Replaced by com.android.build.api.dsl.ApplicationExtension.
This class is not used for the public extensions in AGP when android.newDsl=true, which is the default in AGP 9.0, and will be removed in AGP 10.0.
w: file:///app/app/build.gradle.kts:82:50: 'class AppExtension : AbstractAppExtension' is deprecated. Replaced by com.android.build.api.dsl.ApplicationExtension and com.android.build.api.dsl.DynamicFeatureExtension.
This class is not used for the public extensions in AGP when android.newDsl=true, which is the default in AGP 9.0, and will be removed in AGP 10.0.
w: file:///app/app/build.gradle.kts:91:66: 'interface OutputFile : Any, VariantOutput' is deprecated. Deprecated in Java.

> Configure project :core:data
w: file:///app/core/data/build.gradle.kts:7:1: 'fun Project.android(configure: Action<LibraryExtension>): Unit' is deprecated. Replaced by com.android.build.api.dsl.LibraryExtension.
This class is not used for the public extensions in AGP when android.newDsl=true, which is the default in AGP 9.0, and will be removed in AGP 10.0.

> Configure project :core:model
w: file:///app/core/model/build.gradle.kts:6:1: 'fun Project.android(configure: Action<LibraryExtension>): Unit' is deprecated. Replaced by com.android.build.api.dsl.LibraryExtension.
This class is not used for the public extensions in AGP when android.newDsl=true, which is the default in AGP 9.0, and will be removed in AGP 10.0.

> Configure project :core:ui
w: file:///app/core/ui/build.gradle.kts:6:1: 'fun Project.android(configure: Action<LibraryExtension>): Unit' is deprecated. Replaced by com.android.build.api.dsl.LibraryExtension.
This class is not used for the public extensions in AGP when android.newDsl=true, which is the default in AGP 9.0, and will be removed in AGP 10.0.

> Configure project :feature:onboarding
w: file:///app/feature/onboarding/build.gradle.kts:5:1: 'fun Project.android(configure: Action<LibraryExtension>): Unit' is deprecated. Replaced by com.android.build.api.dsl.LibraryExtension.
This class is not used for the public extensions in AGP when android.newDsl=true, which is the default in AGP 9.0, and will be removed in AGP 10.0.

> Configure project :feature:profile
w: file:///app/feature/profile/build.gradle.kts:5:1: 'fun Project.android(configure: Action<LibraryExtension>): Unit' is deprecated. Replaced by com.android.build.api.dsl.LibraryExtension.
This class is not used for the public extensions in AGP when android.newDsl=true, which is the default in AGP 9.0, and will be removed in AGP 10.0.

> Configure project :feature:settings
w: file:///app/feature/settings/build.gradle.kts:5:1: 'fun Project.android(configure: Action<LibraryExtension>): Unit' is deprecated. Replaced by com.android.build.api.dsl.LibraryExtension.
This class is not used for the public extensions in AGP when android.newDsl=true, which is the default in AGP 9.0, and will be removed in AGP 10.0.

> Configure project :feature:workout
w: file:///app/feature/workout/build.gradle.kts:5:1: 'fun Project.android(configure: Action<LibraryExtension>): Unit' is deprecated. Replaced by com.android.build.api.dsl.LibraryExtension.
This class is not used for the public extensions in AGP when android.newDsl=true, which is the default in AGP 9.0, and will be removed in AGP 10.0.

> Task :core:model:preBuild UP-TO-DATE
> Task :core:model:preDevDebugBuild UP-TO-DATE
> Task :core:ui:preBuild UP-TO-DATE
> Task :core:ui:preDevDebugBuild UP-TO-DATE
> Task :core:data:preBuild UP-TO-DATE
> Task :core:data:preDevDebugBuild UP-TO-DATE
> Task :core:model:writeDevDebugAarMetadata UP-TO-DATE
> Task :core:model:generateDevDebugResources UP-TO-DATE
> Task :core:data:mergeDevDebugJniLibFolders UP-TO-DATE
> Task :core:ui:mergeDevDebugJniLibFolders UP-TO-DATE
> Task :core:model:packageDevDebugResources UP-TO-DATE
> Task :core:model:processDevDebugNavigationResources UP-TO-DATE
> Task :core:model:parseDevDebugLocalResources UP-TO-DATE
> Task :core:model:generateDevDebugRFile UP-TO-DATE

> Task :versionCatalogUpdate
Problem found: invocation of 'Task.project' at execution time is unsupported with the configuration cache. (id: validation:configuration-cache:invocation-of-task-project-at-execution-time-is-unsupported-with-the-configuration-cache)
  invocation of 'Task.project' at execution time is unsupported with the configuration cache.
    Documentation: https://docs.gradle.org/9.3.1/userguide/configuration_cache_requirements.html#config_cache:requirements:use_project_during_execution

> Task :spotlessInternalRegisterDependencies UP-TO-DATE
> Task :app:spotlessKotlin UP-TO-DATE
> Task :app:spotlessKotlinApply UP-TO-DATE
> Task :app:spotlessKotlinGradle UP-TO-DATE
> Task :app:spotlessKotlinGradleApply UP-TO-DATE
> Task :app:spotlessApply UP-TO-DATE
> Task :feature:onboarding:spotlessKotlin UP-TO-DATE
> Task :feature:onboarding:spotlessKotlinApply UP-TO-DATE
> Task :feature:onboarding:spotlessKotlinGradle UP-TO-DATE
> Task :feature:onboarding:spotlessKotlinGradleApply UP-TO-DATE
> Task :feature:onboarding:spotlessApply UP-TO-DATE
> Task :feature:profile:spotlessKotlin UP-TO-DATE
> Task :feature:profile:spotlessKotlinApply UP-TO-DATE
> Task :feature:profile:spotlessKotlinGradle UP-TO-DATE
> Task :feature:profile:spotlessKotlinGradleApply UP-TO-DATE
> Task :feature:profile:spotlessApply UP-TO-DATE
> Task :core:ui:checkDevDebugAarMetadata UP-TO-DATE
> Task :core:model:compileDevDebugKotlin UP-TO-DATE
> Task :feature:settings:spotlessKotlin UP-TO-DATE
> Task :feature:settings:spotlessKotlinApply UP-TO-DATE
> Task :feature:settings:spotlessKotlinGradle UP-TO-DATE
> Task :feature:settings:spotlessKotlinGradleApply UP-TO-DATE
> Task :feature:settings:spotlessApply UP-TO-DATE
> Task :core:model:spotlessKotlin UP-TO-DATE
> Task :core:model:spotlessKotlinApply UP-TO-DATE
> Task :core:ui:spotlessKotlin UP-TO-DATE
> Task :core:ui:spotlessKotlinApply UP-TO-DATE
> Task :core:model:spotlessKotlinGradle UP-TO-DATE
> Task :core:model:spotlessKotlinGradleApply UP-TO-DATE
> Task :core:model:spotlessApply UP-TO-DATE
> Task :core:ui:spotlessKotlinGradle UP-TO-DATE
> Task :core:ui:spotlessKotlinGradleApply UP-TO-DATE
> Task :core:ui:spotlessApply UP-TO-DATE
> Task :core:ui:mergeDevDebugNativeLibs NO-SOURCE
> Task :core:model:javaPreCompileDevDebug UP-TO-DATE
> Task :core:model:compileDevDebugJavaWithJavac NO-SOURCE
> Task :core:ui:stripDevDebugDebugSymbols NO-SOURCE
> Task :core:ui:copyDevDebugJniLibsProjectAndLocalJars UP-TO-DATE
> Task :core:model:bundleLibCompileToJarDevDebug UP-TO-DATE
> Task :core:ui:extractDeepLinksForAarDevDebug UP-TO-DATE
> Task :feature:workout:spotlessKotlin UP-TO-DATE
> Task :feature:workout:spotlessKotlinApply UP-TO-DATE
> Task :feature:workout:spotlessKotlinGradle UP-TO-DATE
> Task :feature:workout:spotlessKotlinGradleApply UP-TO-DATE
> Task :feature:workout:spotlessApply UP-TO-DATE
> Task :feature:onboarding:preBuild UP-TO-DATE
> Task :feature:onboarding:preDevDebugBuild UP-TO-DATE
> Task :core:ui:generateDevDebugResources UP-TO-DATE
> Task :feature:onboarding:mergeDevDebugJniLibFolders UP-TO-DATE
> Task :core:data:checkDevDebugAarMetadata UP-TO-DATE
> Task :core:model:checkDevDebugAarMetadata UP-TO-DATE
> Task :feature:onboarding:mergeDevDebugNativeLibs NO-SOURCE
> Task :feature:onboarding:stripDevDebugDebugSymbols NO-SOURCE
> Task :core:model:mergeDevDebugJniLibFolders UP-TO-DATE
> Task :core:ui:packageDevDebugResources UP-TO-DATE
> Task :core:model:mergeDevDebugNativeLibs NO-SOURCE
> Task :feature:onboarding:copyDevDebugJniLibsProjectAndLocalJars UP-TO-DATE
> Task :core:ui:processDevDebugNavigationResources UP-TO-DATE
> Task :core:model:stripDevDebugDebugSymbols NO-SOURCE
> Task :feature:onboarding:extractDeepLinksForAarDevDebug UP-TO-DATE
> Task :core:ui:parseDevDebugLocalResources UP-TO-DATE
> Task :core:model:copyDevDebugJniLibsProjectAndLocalJars UP-TO-DATE
> Task :feature:onboarding:generateDevDebugResources UP-TO-DATE
> Task :core:model:extractDeepLinksForAarDevDebug UP-TO-DATE
> Task :core:ui:generateDevDebugRFile UP-TO-DATE
> Task :feature:onboarding:packageDevDebugResources UP-TO-DATE
> Task :feature:onboarding:processDevDebugNavigationResources UP-TO-DATE
> Task :feature:onboarding:parseDevDebugLocalResources UP-TO-DATE
> Task :core:model:extractDevDebugAnnotations UP-TO-DATE
> Task :core:model:generateDevDebugAssets UP-TO-DATE
> Task :feature:onboarding:generateDevDebugRFile UP-TO-DATE
> Task :feature:onboarding:generateDevDebugAssets UP-TO-DATE
> Task :core:model:mergeDevDebugAssets UP-TO-DATE
> Task :feature:onboarding:mergeDevDebugAssets UP-TO-DATE
> Task :core:model:mergeDevDebugGeneratedProguardFiles UP-TO-DATE
> Task :core:model:mergeDevDebugConsumerProguardFiles UP-TO-DATE
> Task :core:model:prepareDevDebugArtProfile UP-TO-DATE
> Task :core:model:prepareLintJarForPublish UP-TO-DATE
> Task :feature:onboarding:javaPreCompileDevDebug UP-TO-DATE
> Task :core:model:processDevDebugManifest UP-TO-DATE
> Task :feature:onboarding:prepareDevDebugArtProfile UP-TO-DATE
> Task :core:model:processDevDebugJavaRes UP-TO-DATE
> Task :feature:onboarding:prepareLintJarForPublish UP-TO-DATE
> Task :core:model:mergeDevDebugJavaResource UP-TO-DATE
> Task :core:data:spotlessKotlin UP-TO-DATE
> Task :core:data:spotlessKotlinApply UP-TO-DATE
> Task :feature:onboarding:processDevDebugManifest UP-TO-DATE
> Task :core:model:syncDevDebugLibJars UP-TO-DATE
> Task :core:data:spotlessKotlinGradle UP-TO-DATE
> Task :feature:onboarding:writeDevDebugAarMetadata UP-TO-DATE
> Task :feature:settings:preBuild UP-TO-DATE
> Task :feature:settings:preDevDebugBuild UP-TO-DATE
> Task :core:data:spotlessKotlinGradleApply UP-TO-DATE
> Task :core:data:spotlessApply UP-TO-DATE
> Task :core:data:mergeDevDebugNativeLibs NO-SOURCE
> Task :core:data:stripDevDebugDebugSymbols NO-SOURCE
> Task :core:model:bundleDevDebugLocalLintAar UP-TO-DATE
> Task :feature:settings:mergeDevDebugJniLibFolders UP-TO-DATE
> Task :core:data:copyDevDebugJniLibsProjectAndLocalJars UP-TO-DATE
> Task :core:data:extractDeepLinksForAarDevDebug UP-TO-DATE
> Task :core:model:bundleLibRuntimeToJarDevDebug UP-TO-DATE
> Task :feature:settings:mergeDevDebugNativeLibs NO-SOURCE
> Task :feature:workout:preBuild UP-TO-DATE
> Task :feature:workout:preDevDebugBuild UP-TO-DATE
> Task :feature:settings:stripDevDebugDebugSymbols NO-SOURCE
> Task :core:data:generateDevDebugResources UP-TO-DATE
> Task :feature:settings:copyDevDebugJniLibsProjectAndLocalJars UP-TO-DATE
> Task :core:data:packageDevDebugResources UP-TO-DATE
> Task :core:data:processDevDebugNavigationResources UP-TO-DATE
> Task :core:data:parseDevDebugLocalResources UP-TO-DATE
> Task :core:data:generateDevDebugRFile UP-TO-DATE
> Task :feature:settings:extractDeepLinksForAarDevDebug UP-TO-DATE
> Task :feature:workout:mergeDevDebugJniLibFolders UP-TO-DATE
> Task :feature:workout:mergeDevDebugNativeLibs NO-SOURCE
> Task :feature:settings:generateDevDebugBuildConfig UP-TO-DATE
> Task :feature:workout:stripDevDebugDebugSymbols NO-SOURCE
> Task :feature:settings:generateDevDebugResources UP-TO-DATE
> Task :feature:workout:copyDevDebugJniLibsProjectAndLocalJars UP-TO-DATE
> Task :feature:settings:packageDevDebugResources UP-TO-DATE
> Task :feature:settings:processDevDebugNavigationResources UP-TO-DATE
> Task :feature:workout:extractDeepLinksForAarDevDebug UP-TO-DATE
> Task :feature:settings:parseDevDebugLocalResources UP-TO-DATE
> Task :feature:workout:generateDevDebugResources UP-TO-DATE
> Task :feature:workout:packageDevDebugResources UP-TO-DATE
> Task :feature:settings:generateDevDebugRFile UP-TO-DATE
> Task :feature:settings:generateDevDebugAssets UP-TO-DATE
> Task :feature:workout:processDevDebugNavigationResources UP-TO-DATE
> Task :feature:workout:parseDevDebugLocalResources UP-TO-DATE
> Task :feature:settings:mergeDevDebugAssets UP-TO-DATE
> Task :feature:settings:javaPreCompileDevDebug UP-TO-DATE
> Task :feature:settings:prepareDevDebugArtProfile UP-TO-DATE
> Task :feature:workout:generateDevDebugRFile UP-TO-DATE
> Task :feature:workout:generateDevDebugAssets UP-TO-DATE
> Task :feature:settings:prepareLintJarForPublish UP-TO-DATE
> Task :feature:settings:processDevDebugManifest UP-TO-DATE
> Task :feature:settings:writeDevDebugAarMetadata UP-TO-DATE
> Task :feature:profile:preBuild UP-TO-DATE
> Task :feature:profile:preDevDebugBuild UP-TO-DATE
> Task :feature:workout:mergeDevDebugAssets UP-TO-DATE
> Task :feature:profile:mergeDevDebugJniLibFolders UP-TO-DATE
> Task :feature:workout:javaPreCompileDevDebug UP-TO-DATE
> Task :feature:profile:mergeDevDebugNativeLibs NO-SOURCE
> Task :feature:profile:stripDevDebugDebugSymbols NO-SOURCE
> Task :feature:workout:prepareDevDebugArtProfile UP-TO-DATE
> Task :feature:profile:copyDevDebugJniLibsProjectAndLocalJars UP-TO-DATE
> Task :feature:workout:prepareLintJarForPublish UP-TO-DATE
> Task :feature:profile:extractDeepLinksForAarDevDebug UP-TO-DATE
> Task :feature:workout:processDevDebugManifest UP-TO-DATE
> Task :feature:workout:writeDevDebugAarMetadata UP-TO-DATE
> Task :feature:profile:generateDevDebugResources UP-TO-DATE
> Task :app:preBuild UP-TO-DATE
> Task :app:preDevDebugBuild UP-TO-DATE
> Task :app:generateDevDebugBuildConfig UP-TO-DATE
> Task :feature:profile:packageDevDebugResources UP-TO-DATE
> Task :feature:profile:processDevDebugNavigationResources UP-TO-DATE
> Task :app:generateDevDebugResources UP-TO-DATE
> Task :feature:profile:parseDevDebugLocalResources UP-TO-DATE
> Task :app:packageDevDebugResources UP-TO-DATE
> Task :feature:profile:generateDevDebugRFile UP-TO-DATE
> Task :feature:profile:generateDevDebugAssets UP-TO-DATE
> Task :feature:profile:mergeDevDebugAssets UP-TO-DATE
> Task :feature:profile:javaPreCompileDevDebug UP-TO-DATE
> Task :feature:profile:prepareDevDebugArtProfile UP-TO-DATE
> Task :feature:profile:prepareLintJarForPublish UP-TO-DATE
> Task :feature:profile:processDevDebugManifest UP-TO-DATE
> Task :feature:profile:writeDevDebugAarMetadata UP-TO-DATE
> Task :core:model:extractDeepLinksDevDebug UP-TO-DATE
> Task :feature:onboarding:extractDeepLinksDevDebug UP-TO-DATE
> Task :feature:profile:extractDeepLinksDevDebug UP-TO-DATE
> Task :feature:settings:extractDeepLinksDevDebug UP-TO-DATE
> Task :feature:workout:extractDeepLinksDevDebug UP-TO-DATE
> Task :core:model:compileDevDebugLibraryResources UP-TO-DATE
> Task :feature:onboarding:compileDevDebugLibraryResources UP-TO-DATE
> Task :feature:profile:compileDevDebugLibraryResources UP-TO-DATE
> Task :feature:settings:compileDevDebugLibraryResources UP-TO-DATE
> Task :feature:workout:compileDevDebugLibraryResources UP-TO-DATE
> Task :core:model:createFullJarDevDebug UP-TO-DATE
> Task :core:model:writeDevDebugLintModelMetadata UP-TO-DATE
> Task :feature:onboarding:writeDevDebugLintModelMetadata UP-TO-DATE
> Task :feature:profile:writeDevDebugLintModelMetadata UP-TO-DATE
> Task :feature:settings:writeDevDebugLintModelMetadata UP-TO-DATE
> Task :feature:workout:writeDevDebugLintModelMetadata UP-TO-DATE
> Task :core:model:extractProguardFiles UP-TO-DATE
> Task :core:ui:extractDevDebugAnnotations UP-TO-DATE
> Task :core:ui:generateDevDebugAssets UP-TO-DATE
> Task :core:ui:mergeDevDebugAssets UP-TO-DATE
> Task :app:processDevDebugNavigationResources UP-TO-DATE
> Task :app:parseDevDebugLocalResources UP-TO-DATE
> Task :core:ui:compileDevDebugKotlin UP-TO-DATE
> Task :app:generateDevDebugRFile UP-TO-DATE
> Task :app:javaPreCompileDevDebug UP-TO-DATE
> Task :core:ui:javaPreCompileDevDebug UP-TO-DATE
> Task :core:ui:compileDevDebugJavaWithJavac NO-SOURCE
> Task :app:compileDevDebugNavigationResources UP-TO-DATE
> Task :core:ui:mergeDevDebugGeneratedProguardFiles UP-TO-DATE
> Task :core:model:generateDevDebugLintModel UP-TO-DATE
> Task :core:ui:mergeDevDebugConsumerProguardFiles UP-TO-DATE
> Task :feature:onboarding:extractProguardFiles UP-TO-DATE
> Task :feature:profile:extractProguardFiles UP-TO-DATE
> Task :feature:settings:extractProguardFiles UP-TO-DATE
> Task :feature:workout:extractProguardFiles UP-TO-DATE
> Task :core:ui:prepareDevDebugArtProfile UP-TO-DATE
> Task :core:ui:prepareLintJarForPublish UP-TO-DATE
> Task :core:ui:processDevDebugManifest UP-TO-DATE
> Task :core:ui:processDevDebugJavaRes UP-TO-DATE
> Task :core:ui:mergeDevDebugJavaResource UP-TO-DATE
> Task :core:ui:syncDevDebugLibJars UP-TO-DATE
> Task :core:ui:writeDevDebugAarMetadata UP-TO-DATE
> Task :core:ui:bundleDevDebugLocalLintAar UP-TO-DATE
> Task :core:ui:bundleLibCompileToJarDevDebug UP-TO-DATE
> Task :core:ui:bundleLibRuntimeToJarDevDebug UP-TO-DATE
> Task :core:ui:extractDeepLinksDevDebug UP-TO-DATE
> Task :core:ui:compileDevDebugLibraryResources UP-TO-DATE
> Task :core:ui:createFullJarDevDebug UP-TO-DATE
> Task :core:ui:writeDevDebugLintModelMetadata UP-TO-DATE
> Task :core:ui:extractProguardFiles UP-TO-DATE
> Task :app:mapDevDebugSourceSetPaths UP-TO-DATE
> Task :core:data:generateDevDebugAssets UP-TO-DATE
> Task :core:data:mergeDevDebugAssets UP-TO-DATE
> Task :core:data:javaPreCompileDevDebug UP-TO-DATE
> Task :core:data:prepareDevDebugArtProfile UP-TO-DATE
> Task :core:data:prepareLintJarForPublish UP-TO-DATE
> Task :core:data:processDevDebugManifest UP-TO-DATE
> Task :core:data:writeDevDebugAarMetadata UP-TO-DATE
> Task :feature:onboarding:checkDevDebugAarMetadata UP-TO-DATE
> Task :feature:settings:checkDevDebugAarMetadata UP-TO-DATE
> Task :feature:workout:checkDevDebugAarMetadata UP-TO-DATE
> Task :feature:profile:checkDevDebugAarMetadata UP-TO-DATE
> Task :core:ui:generateDevDebugLintModel UP-TO-DATE
> Task :app:checkDevDebugAarMetadata UP-TO-DATE
> Task :core:data:extractDeepLinksDevDebug UP-TO-DATE
> Task :core:data:compileDevDebugLibraryResources UP-TO-DATE
> Task :core:data:writeDevDebugLintModelMetadata UP-TO-DATE
> Task :core:data:extractProguardFiles UP-TO-DATE
> Task :core:data:preDevDebugAndroidTestBuild UP-TO-DATE
> Task :core:data:preDevDebugUnitTestBuild UP-TO-DATE
> Task :core:model:preDevDebugAndroidTestBuild UP-TO-DATE
> Task :app:mergeDevDebugResources UP-TO-DATE
> Task :app:createDevDebugCompatibleScreenManifests UP-TO-DATE
> Task :app:extractDeepLinksDevDebug UP-TO-DATE
> Task :core:model:generateDevDebugAndroidTestLintModel UP-TO-DATE
> Task :core:model:preDevDebugUnitTestBuild UP-TO-DATE
> Task :core:model:generateDevDebugUnitTestLintModel UP-TO-DATE
> Task :app:processDevDebugMainManifest UP-TO-DATE
> Task :app:processDevDebugManifest UP-TO-DATE
> Task :app:processDevDebugManifestForPackage UP-TO-DATE
> Task :app:processDevDebugResources UP-TO-DATE
> Task :app:preDevDebugAndroidTestBuild SKIPPED
> Task :app:extractProguardFiles UP-TO-DATE
> Task :app:preDevDebugUnitTestBuild UP-TO-DATE
> Task :core:model:lintAnalyzeDevDebugAndroidTest
> Task :core:ui:preDevDebugAndroidTestBuild UP-TO-DATE
> Task :core:model:lintAnalyzeDevDebugUnitTest
> Task :feature:onboarding:preDevDebugAndroidTestBuild UP-TO-DATE
> Task :feature:onboarding:preDevDebugUnitTestBuild UP-TO-DATE
> Task :feature:profile:preDevDebugAndroidTestBuild UP-TO-DATE
> Task :feature:profile:preDevDebugUnitTestBuild UP-TO-DATE
> Task :feature:settings:preDevDebugAndroidTestBuild UP-TO-DATE
> Task :feature:settings:preDevDebugUnitTestBuild UP-TO-DATE
> Task :feature:workout:preDevDebugAndroidTestBuild UP-TO-DATE
> Task :feature:workout:preDevDebugUnitTestBuild UP-TO-DATE
> Task :core:ui:generateDevDebugAndroidTestLintModel UP-TO-DATE
> Task :core:ui:preDevDebugUnitTestBuild UP-TO-DATE
> Task :core:model:generateDevDebugLintReportModel UP-TO-DATE
> Task :app:javaPreCompileDevDebugUnitTest UP-TO-DATE
> Task :core:data:generateDevDebugUnitTestStubRFile UP-TO-DATE
> Task :core:data:javaPreCompileDevDebugUnitTest UP-TO-DATE
> Task :core:ui:generateDevDebugUnitTestLintModel UP-TO-DATE
> Task :core:model:generateDevDebugUnitTestStubRFile UP-TO-DATE
> Task :core:model:compileDevDebugUnitTestKotlin NO-SOURCE
> Task :core:model:javaPreCompileDevDebugUnitTest UP-TO-DATE
> Task :core:model:compileDevDebugUnitTestJavaWithJavac NO-SOURCE
> Task :core:model:processDevDebugUnitTestJavaRes NO-SOURCE
> Task :core:model:testDevDebugUnitTest NO-SOURCE
> Task :core:ui:lintAnalyzeDevDebugUnitTest
> Task :core:ui:lintAnalyzeDevDebugAndroidTest
> Task :feature:onboarding:generateDevDebugUnitTestStubRFile UP-TO-DATE
> Task :core:ui:generateDevDebugLintReportModel UP-TO-DATE
> Task :feature:onboarding:javaPreCompileDevDebugUnitTest UP-TO-DATE
> Task :feature:profile:generateDevDebugUnitTestStubRFile UP-TO-DATE
> Task :feature:profile:javaPreCompileDevDebugUnitTest UP-TO-DATE
> Task :feature:settings:generateDevDebugUnitTestStubRFile UP-TO-DATE
> Task :feature:settings:javaPreCompileDevDebugUnitTest UP-TO-DATE
> Task :core:ui:generateDevDebugUnitTestStubRFile UP-TO-DATE
> Task :feature:workout:generateDevDebugUnitTestStubRFile UP-TO-DATE
> Task :feature:workout:javaPreCompileDevDebugUnitTest UP-TO-DATE
> Task :core:ui:compileDevDebugUnitTestKotlin NO-SOURCE
> Task :app:mergeDevDebugNativeDebugMetadata NO-SOURCE
> Task :app:generateDevDebugAssets UP-TO-DATE
> Task :core:ui:javaPreCompileDevDebugUnitTest UP-TO-DATE
> Task :core:ui:compileDevDebugUnitTestJavaWithJavac NO-SOURCE
> Task :core:ui:processDevDebugUnitTestJavaRes NO-SOURCE
> Task :core:ui:testDevDebugUnitTest NO-SOURCE
> Task :core:ui:bundleLibRuntimeToDirDevDebug UP-TO-DATE
> Task :core:model:bundleLibRuntimeToDirDevDebug UP-TO-DATE
> Task :core:data:copyDevDebugJniLibsProjectOnly UP-TO-DATE
> Task :core:model:copyDevDebugJniLibsProjectOnly UP-TO-DATE
> Task :core:ui:copyDevDebugJniLibsProjectOnly UP-TO-DATE
> Task :feature:onboarding:copyDevDebugJniLibsProjectOnly UP-TO-DATE
> Task :feature:profile:copyDevDebugJniLibsProjectOnly UP-TO-DATE
> Task :feature:settings:copyDevDebugJniLibsProjectOnly UP-TO-DATE
> Task :feature:workout:copyDevDebugJniLibsProjectOnly UP-TO-DATE
> Task :core:model:bundleDevDebugAar UP-TO-DATE
> Task :core:model:assembleDevDebug UP-TO-DATE
> Task :core:ui:bundleDevDebugAar UP-TO-DATE
> Task :core:ui:assembleDevDebug UP-TO-DATE
> Task :app:mergeDevDebugAssets UP-TO-DATE
> Task :app:compressDevDebugAssets UP-TO-DATE
> Task :app:desugarDevDebugFileDependencies UP-TO-DATE
> Task :app:mergeDevDebugJniLibFolders
> Task :app:checkDevDebugDuplicateClasses
> Task :app:mergeDevDebugNativeLibs
> Task :core:model:lintAnalyzeDevDebug
> Task :core:model:lintReportDevDebug
> Task :core:model:lintDevDebug
> Task :core:data:kspDevDebugKotlin
> Task :core:data:extractDevDebugAnnotations UP-TO-DATE
> Task :core:data:compileDevDebugKotlin UP-TO-DATE
> Task :core:data:compileDevDebugJavaWithJavac UP-TO-DATE
> Task :core:data:transformDevDebugClassesWithAsm UP-TO-DATE
> Task :core:data:mergeDevDebugGeneratedProguardFiles UP-TO-DATE
> Task :core:data:mergeDevDebugConsumerProguardFiles UP-TO-DATE
> Task :core:data:processDevDebugJavaRes UP-TO-DATE
> Task :core:data:mergeDevDebugJavaResource UP-TO-DATE
> Task :core:data:syncDevDebugLibJars UP-TO-DATE
> Task :core:data:bundleDevDebugLocalLintAar UP-TO-DATE
> Task :core:data:bundleLibCompileToJarDevDebug UP-TO-DATE
> Task :core:data:bundleLibRuntimeToJarDevDebug UP-TO-DATE
> Task :feature:onboarding:kspDevDebugKotlin
> Task :feature:onboarding:extractDevDebugAnnotations UP-TO-DATE
> Task :feature:onboarding:compileDevDebugKotlin UP-TO-DATE
> Task :feature:onboarding:compileDevDebugJavaWithJavac UP-TO-DATE
> Task :feature:onboarding:transformDevDebugClassesWithAsm UP-TO-DATE
> Task :feature:onboarding:mergeDevDebugGeneratedProguardFiles UP-TO-DATE
> Task :feature:onboarding:mergeDevDebugConsumerProguardFiles UP-TO-DATE
> Task :feature:onboarding:processDevDebugJavaRes UP-TO-DATE
> Task :feature:onboarding:mergeDevDebugJavaResource UP-TO-DATE
> Task :feature:onboarding:syncDevDebugLibJars UP-TO-DATE
> Task :feature:onboarding:bundleDevDebugLocalLintAar UP-TO-DATE
> Task :feature:settings:kspDevDebugKotlin
> Task :feature:settings:extractDevDebugAnnotations UP-TO-DATE
> Task :feature:settings:compileDevDebugKotlin UP-TO-DATE
> Task :feature:settings:compileDevDebugJavaWithJavac UP-TO-DATE
> Task :feature:settings:transformDevDebugClassesWithAsm UP-TO-DATE
> Task :feature:settings:mergeDevDebugGeneratedProguardFiles UP-TO-DATE
> Task :feature:settings:mergeDevDebugConsumerProguardFiles UP-TO-DATE
> Task :feature:settings:processDevDebugJavaRes UP-TO-DATE
> Task :feature:settings:mergeDevDebugJavaResource UP-TO-DATE
> Task :feature:settings:syncDevDebugLibJars UP-TO-DATE
> Task :feature:settings:bundleDevDebugLocalLintAar UP-TO-DATE
> Task :feature:profile:kspDevDebugKotlin
> Task :feature:profile:extractDevDebugAnnotations UP-TO-DATE
> Task :feature:profile:compileDevDebugKotlin UP-TO-DATE
> Task :feature:profile:compileDevDebugJavaWithJavac NO-SOURCE
> Task :feature:profile:transformDevDebugClassesWithAsm UP-TO-DATE
> Task :feature:profile:mergeDevDebugGeneratedProguardFiles UP-TO-DATE
> Task :feature:profile:mergeDevDebugConsumerProguardFiles UP-TO-DATE
> Task :feature:profile:processDevDebugJavaRes UP-TO-DATE
> Task :feature:profile:mergeDevDebugJavaResource UP-TO-DATE
> Task :feature:profile:syncDevDebugLibJars UP-TO-DATE
> Task :feature:profile:bundleDevDebugLocalLintAar UP-TO-DATE
> Task :feature:onboarding:bundleLibCompileToJarDevDebug UP-TO-DATE
> Task :feature:profile:bundleLibCompileToJarDevDebug UP-TO-DATE
> Task :feature:settings:bundleLibCompileToJarDevDebug UP-TO-DATE
> Task :feature:onboarding:bundleLibRuntimeToJarDevDebug UP-TO-DATE
> Task :feature:settings:bundleLibRuntimeToJarDevDebug UP-TO-DATE
> Task :feature:profile:bundleLibRuntimeToJarDevDebug UP-TO-DATE
> Task :core:data:createFullJarDevDebug UP-TO-DATE
> Task :feature:onboarding:createFullJarDevDebug UP-TO-DATE
> Task :feature:profile:createFullJarDevDebug UP-TO-DATE
> Task :feature:settings:createFullJarDevDebug UP-TO-DATE
> Task :core:data:generateDevDebugLintModel UP-TO-DATE
> Task :feature:onboarding:generateDevDebugLintModel UP-TO-DATE
> Task :feature:profile:generateDevDebugLintModel UP-TO-DATE
> Task :feature:settings:generateDevDebugLintModel UP-TO-DATE
> Task :feature:workout:kspDevDebugKotlin
> Task :feature:workout:extractDevDebugAnnotations UP-TO-DATE
> Task :feature:workout:compileDevDebugKotlin UP-TO-DATE
> Task :feature:workout:compileDevDebugJavaWithJavac UP-TO-DATE
> Task :feature:workout:transformDevDebugClassesWithAsm UP-TO-DATE
> Task :feature:workout:mergeDevDebugGeneratedProguardFiles UP-TO-DATE
> Task :feature:workout:mergeDevDebugConsumerProguardFiles UP-TO-DATE
> Task :feature:workout:processDevDebugJavaRes UP-TO-DATE
> Task :feature:workout:mergeDevDebugJavaResource UP-TO-DATE
> Task :feature:workout:syncDevDebugLibJars UP-TO-DATE
> Task :feature:workout:bundleDevDebugLocalLintAar UP-TO-DATE
> Task :feature:workout:bundleLibCompileToJarDevDebug UP-TO-DATE
> Task :feature:workout:bundleLibRuntimeToJarDevDebug UP-TO-DATE
> Task :feature:workout:createFullJarDevDebug UP-TO-DATE
> Task :feature:workout:generateDevDebugLintModel UP-TO-DATE
> Task :core:data:generateDevDebugAndroidTestLintModel UP-TO-DATE
> Task :core:data:generateDevDebugUnitTestLintModel UP-TO-DATE
> Task :core:data:lintAnalyzeDevDebugAndroidTest
> Task :app:mergeExtDexDevDebug
> Task :core:ui:lintAnalyzeDevDebug
> Task :core:data:lintAnalyzeDevDebugUnitTest
> Task :feature:profile:generateDevDebugAndroidTestLintModel UP-TO-DATE
> Task :feature:onboarding:generateDevDebugAndroidTestLintModel UP-TO-DATE
> Task :feature:onboarding:generateDevDebugUnitTestLintModel UP-TO-DATE
> Task :feature:profile:generateDevDebugUnitTestLintModel UP-TO-DATE
> Task :feature:profile:lintAnalyzeDevDebugAndroidTest
> Task :feature:onboarding:lintAnalyzeDevDebugAndroidTest
> Task :feature:profile:lintAnalyzeDevDebugUnitTest
> Task :feature:settings:generateDevDebugAndroidTestLintModel UP-TO-DATE
> Task :feature:settings:generateDevDebugUnitTestLintModel UP-TO-DATE
> Task :feature:onboarding:lintAnalyzeDevDebugUnitTest
> Task :feature:settings:lintAnalyzeDevDebugAndroidTest
> Task :feature:settings:lintAnalyzeDevDebugUnitTest
> Task :feature:workout:generateDevDebugAndroidTestLintModel UP-TO-DATE
> Task :core:data:generateDevDebugLintReportModel UP-TO-DATE
> Task :feature:workout:generateDevDebugUnitTestLintModel UP-TO-DATE

> Task :core:ui:lintReportDevDebug
Wrote HTML report to file:///app/core/ui/build/reports/lint-results-devDebug.html

> Task :feature:workout:lintAnalyzeDevDebugAndroidTest
> Task :core:ui:lintDevDebug
> Task :feature:onboarding:generateDevDebugLintReportModel UP-TO-DATE
> Task :feature:profile:generateDevDebugLintReportModel UP-TO-DATE
> Task :feature:settings:generateDevDebugLintReportModel UP-TO-DATE
> Task :feature:workout:generateDevDebugLintReportModel UP-TO-DATE
> Task :core:data:kspDevDebugUnitTestKotlin NO-SOURCE
> Task :core:data:compileDevDebugUnitTestKotlin NO-SOURCE
> Task :core:data:processDevDebugUnitTestJavaRes NO-SOURCE
> Task :core:data:compileDevDebugUnitTestJavaWithJavac NO-SOURCE
> Task :core:data:hiltSyncDevDebugUnitTest UP-TO-DATE
> Task :core:data:hiltAggregateDepsDevDebugUnitTest UP-TO-DATE
> Task :core:data:hiltJavaCompileDevDebugUnitTest NO-SOURCE
> Task :core:data:transformDevDebugUnitTestClassesWithAsm UP-TO-DATE
> Task :core:data:testDevDebugUnitTest NO-SOURCE
> Task :feature:onboarding:kspDevDebugUnitTestKotlin NO-SOURCE
> Task :feature:onboarding:compileDevDebugUnitTestKotlin NO-SOURCE
> Task :feature:onboarding:processDevDebugUnitTestJavaRes NO-SOURCE
> Task :feature:onboarding:compileDevDebugUnitTestJavaWithJavac NO-SOURCE
> Task :feature:onboarding:hiltSyncDevDebugUnitTest UP-TO-DATE
> Task :feature:onboarding:hiltAggregateDepsDevDebugUnitTest UP-TO-DATE
> Task :feature:onboarding:hiltJavaCompileDevDebugUnitTest NO-SOURCE
> Task :feature:onboarding:transformDevDebugUnitTestClassesWithAsm UP-TO-DATE
> Task :feature:onboarding:testDevDebugUnitTest NO-SOURCE
> Task :feature:profile:kspDevDebugUnitTestKotlin NO-SOURCE
> Task :feature:profile:compileDevDebugUnitTestKotlin NO-SOURCE
> Task :feature:profile:processDevDebugUnitTestJavaRes NO-SOURCE
> Task :feature:profile:compileDevDebugUnitTestJavaWithJavac NO-SOURCE
> Task :feature:profile:hiltSyncDevDebugUnitTest UP-TO-DATE
> Task :feature:profile:hiltAggregateDepsDevDebugUnitTest UP-TO-DATE
> Task :feature:profile:hiltJavaCompileDevDebugUnitTest NO-SOURCE
> Task :feature:profile:transformDevDebugUnitTestClassesWithAsm UP-TO-DATE
> Task :feature:profile:testDevDebugUnitTest NO-SOURCE
> Task :feature:settings:kspDevDebugUnitTestKotlin NO-SOURCE
> Task :feature:settings:compileDevDebugUnitTestKotlin NO-SOURCE
> Task :feature:settings:processDevDebugUnitTestJavaRes NO-SOURCE
> Task :feature:settings:compileDevDebugUnitTestJavaWithJavac NO-SOURCE
> Task :feature:settings:hiltSyncDevDebugUnitTest UP-TO-DATE
> Task :feature:settings:hiltAggregateDepsDevDebugUnitTest UP-TO-DATE
> Task :feature:settings:hiltJavaCompileDevDebugUnitTest NO-SOURCE
> Task :feature:settings:transformDevDebugUnitTestClassesWithAsm UP-TO-DATE
> Task :feature:settings:testDevDebugUnitTest NO-SOURCE
> Task :feature:workout:lintAnalyzeDevDebugUnitTest
> Task :feature:onboarding:bundleLibRuntimeToDirDevDebug UP-TO-DATE
> Task :feature:settings:bundleLibRuntimeToDirDevDebug UP-TO-DATE
> Task :feature:workout:bundleLibRuntimeToDirDevDebug UP-TO-DATE
> Task :feature:profile:bundleLibRuntimeToDirDevDebug UP-TO-DATE
> Task :core:data:bundleLibRuntimeToDirDevDebug UP-TO-DATE
> Task :core:data:bundleDevDebugAar UP-TO-DATE
> Task :core:data:assembleDevDebug UP-TO-DATE
> Task :feature:onboarding:bundleDevDebugAar UP-TO-DATE
> Task :feature:onboarding:assembleDevDebug UP-TO-DATE
> Task :feature:profile:bundleDevDebugAar UP-TO-DATE
> Task :feature:profile:assembleDevDebug UP-TO-DATE
> Task :feature:settings:bundleDevDebugAar UP-TO-DATE
> Task :feature:settings:assembleDevDebug UP-TO-DATE
> Task :feature:workout:bundleDevDebugAar UP-TO-DATE
> Task :feature:workout:assembleDevDebug UP-TO-DATE
> Task :feature:workout:kspDevDebugUnitTestKotlin
> Task :feature:workout:compileDevDebugUnitTestKotlin UP-TO-DATE
> Task :feature:workout:processDevDebugUnitTestJavaRes UP-TO-DATE
> Task :feature:workout:compileDevDebugUnitTestJavaWithJavac NO-SOURCE
> Task :feature:workout:hiltSyncDevDebugUnitTest UP-TO-DATE
> Task :feature:workout:hiltAggregateDepsDevDebugUnitTest UP-TO-DATE
> Task :feature:workout:hiltJavaCompileDevDebugUnitTest NO-SOURCE
> Task :feature:workout:transformDevDebugUnitTestClassesWithAsm UP-TO-DATE
> Task :feature:workout:testDevDebugUnitTest UP-TO-DATE
> Task :core:data:lintAnalyzeDevDebug
> Task :feature:profile:lintAnalyzeDevDebug
> Task :feature:settings:lintAnalyzeDevDebug
> Task :feature:onboarding:lintAnalyzeDevDebug
> Task :core:data:lintReportDevDebug
> Task :core:data:lintDevDebug
> Task :feature:onboarding:lintReportDevDebug
> Task :feature:onboarding:lintDevDebug
> Task :feature:profile:lintReportDevDebug
> Task :feature:profile:lintDevDebug
> Task :feature:settings:lintReportDevDebug
> Task :feature:settings:lintDevDebug
> Task :feature:workout:lintAnalyzeDevDebug
> Task :feature:workout:lintReportDevDebug
> Task :feature:workout:lintDevDebug
> Task :app:mergeLibDexDevDebug

> Task :app:stripDevDebugDebugSymbols
Unable to strip the following libraries, packaging them as they are: libandroidx.graphics.path.so, libdatastore_shared_counter.so. Run with --info option to learn more.

> Task :app:validateSigningDevDebug
> Task :app:writeDevDebugAppMetadata
> Task :app:writeDevDebugSigningConfigVersions
> Task :app:kspDevDebugKotlin
> Task :app:compileDevDebugKotlin UP-TO-DATE
> Task :app:compileDevDebugJavaWithJavac UP-TO-DATE
> Task :app:hiltSyncDevDebug UP-TO-DATE
> Task :app:hiltAggregateDepsDevDebug UP-TO-DATE
> Task :app:hiltJavaCompileDevDebug UP-TO-DATE
> Task :app:bundleDevDebugClassesToCompileJar UP-TO-DATE
> Task :app:generateDevDebugAndroidTestLintModel UP-TO-DATE
> Task :app:generateDevDebugLintReportModel UP-TO-DATE
> Task :app:generateDevDebugUnitTestLintModel UP-TO-DATE
> Task :app:lintAnalyzeDevDebugAndroidTest
> Task :app:transformDevDebugClassesWithAsm UP-TO-DATE
> Task :app:bundleDevDebugClassesToRuntimeJar UP-TO-DATE
> Task :app:processDevDebugJavaRes UP-TO-DATE
> Task :app:kspDevDebugUnitTestKotlin NO-SOURCE
> Task :app:compileDevDebugUnitTestKotlin NO-SOURCE
> Task :app:processDevDebugUnitTestJavaRes NO-SOURCE
> Task :app:compileDevDebugUnitTestJavaWithJavac NO-SOURCE
> Task :app:hiltSyncDevDebugUnitTest UP-TO-DATE
> Task :app:hiltAggregateDepsDevDebugUnitTest UP-TO-DATE
> Task :app:hiltJavaCompileDevDebugUnitTest NO-SOURCE
> Task :app:transformDevDebugUnitTestClassesWithAsm UP-TO-DATE
> Task :app:testDevDebugUnitTest NO-SOURCE
> Task :app:dexBuilderDevDebug UP-TO-DATE
> Task :app:lintAnalyzeDevDebugUnitTest
> Task :app:mergeDevDebugGlobalSynthetics
> Task :app:mergeProjectDexDevDebug
> Task :app:mergeDevDebugJavaResource
> Task :app:packageDevDebug
> Task :app:createDevDebugApkListingFileRedirect
> Task :app:assembleDevDebug
> Task :app:lintAnalyzeDevDebug
> Task :app:lintReportDevDebug
> Task :app:lintDevDebug

5 problems were found storing the configuration cache, 1 of which seems unique.
- Task `:versionCatalogUpdate` of type `nl.littlerobots.vcu.plugin.VersionCatalogUpdateTask`: invocation of 'Task.project' at execution time is unsupported with the configuration cache.
  See https://docs.gradle.org/9.3.1/userguide/configuration_cache_requirements.html#config_cache:requirements:use_project_during_execution

See the complete report at file:///app/build/reports/configuration-cache/c15fxrrctkguwjvrk1th8jkle/eg6ly9kkq1d1jaazs363szuvb/configuration-cache-report.html

[Incubating] Problems report is available at: file:///app/build/reports/problems/problems-report.html

BUILD SUCCESSFUL in 4m 27s
431 actionable tasks: 64 executed, 367 up-to-date
Configuration cache entry discarded with 5 problems.
