Starting a Gradle Daemon, 2 stopped Daemons could not be reused, use --status for details

The Kotlin Gradle plugin was loaded multiple times in different subprojects, which is not supported and may break the build.
This might happen in subprojects that apply the Kotlin plugins with the Gradle 'plugins { ... }' DSL if they specify explicit versions, even if the versions are equal.
Please add the Kotlin plugin to the common parent project or the root project, then remove the versions in the subprojects.
If the parent project does not need the plugin, add 'apply false' to the plugin line.
See: https://docs.gradle.org/current/userguide/plugins.html#sec:subprojects_plugins_dsl
The Kotlin plugin was loaded in the following projects: ':app', ':core:model', ':core:ui', ':feature:onboarding'
> Task :core:data:preBuild UP-TO-DATE
> Task :core:data:preDebugBuild UP-TO-DATE
> Task :core:data:generateDebugResources
> Task :core:data:packageDebugResources
> Task :core:data:processDebugNavigationResources
> Task :core:model:preBuild UP-TO-DATE
> Task :core:model:preDebugBuild UP-TO-DATE
> Task :core:model:generateDebugResources
> Task :core:data:parseDebugLocalResources
> Task :core:model:packageDebugResources
> Task :core:model:processDebugNavigationResources
> Task :core:data:generateDebugRFile
> Task :core:model:javaPreCompileDebug
> Task :core:model:parseDebugLocalResources
> Task :core:data:javaPreCompileDebug
> Task :core:ui:preBuild UP-TO-DATE
> Task :core:ui:preDebugBuild UP-TO-DATE
> Task :core:model:generateDebugRFile
> Task :core:ui:generateDebugResources
> Task :core:ui:packageDebugResources
> Task :core:ui:processDebugNavigationResources
> Task :feature:workout:preBuild UP-TO-DATE
> Task :feature:workout:preDebugBuild UP-TO-DATE
> Task :core:ui:javaPreCompileDebug
> Task :feature:workout:generateDebugResources
> Task :core:ui:parseDebugLocalResources
> Task :feature:workout:packageDebugResources
> Task :feature:workout:processDebugNavigationResources
> Task :core:ui:generateDebugRFile
> Task :feature:workout:parseDebugLocalResources
> Task :feature:workout:generateDebugRFile
> Task :feature:workout:preDebugUnitTestBuild UP-TO-DATE
> Task :feature:workout:javaPreCompileDebug

> Task :core:ui:compileDebugKotlin
w: file:///app/core/ui/src/main/java/com/sjn/gym/core/ui/theme/Theme.kt:49:20 'var statusBarColor: Int' is deprecated. Deprecated in Java.

> Task :core:model:compileDebugKotlin
> Task :core:model:compileDebugJavaWithJavac NO-SOURCE
> Task :feature:workout:generateDebugUnitTestStubRFile
> Task :core:model:processDebugJavaRes
> Task :core:model:bundleLibRuntimeToJarDebug
> Task :core:model:bundleLibCompileToJarDebug
> Task :core:ui:compileDebugJavaWithJavac NO-SOURCE
> Task :core:ui:processDebugJavaRes
> Task :feature:workout:javaPreCompileDebugUnitTest
> Task :core:ui:bundleLibRuntimeToJarDebug
> Task :core:ui:bundleLibCompileToJarDebug
The Daemon will expire after the build after running out of JVM Metaspace.
The project memory settings are likely not configured or are configured to an insufficient value.
The daemon will restart for the next build, which may increase subsequent build times.
These settings can be adjusted by setting 'org.gradle.jvmargs' in 'gradle.properties'.
The currently configured max heap space is '512 MiB' and the configured max metaspace is '384 MiB'.
For more information on how to set these values, please refer to https://docs.gradle.org/9.3.1/userguide/build_environment.html#sec:configuring_jvm_memory in the Gradle documentation.
To disable this warning, set 'org.gradle.daemon.performance.disable-logging=true'.
Daemon will be stopped at the end of the build after running out of JVM Metaspace
> Task :core:data:kspDebugKotlin

> Task :core:data:compileDebugKotlin
w: file:///app/core/data/src/main/java/com/sjn/gym/core/data/repository/UserPreferencesRepository.kt:20:5 This annotation is currently applied to the value parameter only, but in the future it will also be applied to field.
- To opt in to applying to both value parameter and field, add '-Xannotation-default-target=param-property' to your compiler arguments.
- To keep applying to the value parameter only, use the '@param:' annotation target.

See https://youtrack.jetbrains.com/issue/KT-73255 for more details.

> Task :core:data:compileDebugJavaWithJavac
> Task :core:data:processDebugJavaRes
> Task :core:data:transformDebugClassesWithAsm
> Task :core:data:bundleLibRuntimeToJarDebug
> Task :core:data:bundleLibCompileToJarDebug

> Task :feature:workout:kspDebugKotlin
e: [ksp] java.lang.OutOfMemoryError: Metaspace

> Task :feature:workout:kspDebugKotlin FAILED
Exception in thread "RMI TCP Connection(idle)" java.lang.OutOfMemoryError: Metaspace
Exception in thread "RMI TCP Connection(idle)" java.lang.OutOfMemoryError: Metaspace
Exception in thread "RMI TCP Connection(idle)" java.lang.OutOfMemoryError: Metaspace
Exception in thread "RMI TCP Connection(idle)" java.lang.OutOfMemoryError: Metaspace
Exception in thread "RMI TCP Connection(idle)" java.lang.OutOfMemoryError: Metaspace
Exception in thread "RMI TCP Connection(idle)" java.lang.OutOfMemoryError: Metaspace
Exception in thread "RMI TCP Connection(idle)" java.lang.OutOfMemoryError: Metaspace
Exception in thread "RMI TCP Connection(idle)" java.lang.OutOfMemoryError: Metaspace
Exception in thread "RMI TCP Connection(idle)" java.lang.OutOfMemoryError: Metaspace
Exception in thread "RMI TCP Connection(idle)" java.lang.OutOfMemoryError: Metaspace
Exception in thread "RMI TCP Connection(idle)" java.lang.OutOfMemoryError: Metaspace
Exception in thread "RMI TCP Connection(idle)" java.lang.OutOfMemoryError: Metaspace
Exception in thread "RMI TCP Connection(idle)" java.lang.OutOfMemoryError: Metaspace
Exception in thread "RMI TCP Connection(idle)" java.lang.OutOfMemoryError: Metaspace
Exception in thread "RMI TCP Connection(idle)" java.lang.OutOfMemoryError: Metaspace
Exception in thread "RMI TCP Connection(idle)" java.lang.OutOfMemoryError: Metaspace
Exception in thread "RMI TCP Connection(idle)" java.lang.OutOfMemoryError: Metaspace
Exception in thread "RMI TCP Connection(idle)" java.lang.OutOfMemoryError: Metaspace
Exception in thread "RMI TCP Connection(idle)" java.lang.OutOfMemoryError: Metaspace
